
> portfulio@0.1.0 dev
> next dev

 ⚠ Port 3000 is in use by an unknown process, using available port 3004 instead.
   ▲ Next.js 16.0.7 (Turbopack)
   - Local:         http://localhost:3004
   - Network:       http://192.168.0.2:3004

 ✓ Starting...
 ✓ Ready in 2.2s
 ○ Compiling / ...
Error: Cannot apply unknown utility class `bg-background`. Are you using CSS modules or similar and missing `@reference`? https://tailwindcss.com/docs/functions-and-directives#reference-directive
    [2m[at onInvalidCandidate (/app/node_modules/tailwindcss/dist/lib.js:21:1314)][0m
    [2m[at Te (/app/node_modules/tailwindcss/dist/lib.js:16:36364)][0m
    [2m[at /app/node_modules/tailwindcss/dist/lib.js:21:355][0m
    [2m[at Tr (/app/node_modules/tailwindcss/dist/lib.js:3:1718)][0m
    [2m[at _ (/app/node_modules/tailwindcss/dist/lib.js:3:1377)][0m
    [2m[at Se (/app/node_modules/tailwindcss/dist/lib.js:21:172)][0m
    [2m[at ln (/app/node_modules/tailwindcss/dist/lib.js:38:294)][0m
    [2m[at process.processTicksAndRejections (node:internal/process/task_queues:105:5)][0m
    [2m[at async sn (/app/node_modules/tailwindcss/dist/lib.js:38:631)][0m
    [2m[at async Qr (/app/node_modules/@tailwindcss/node/dist/index.js:10:3385)][0m
 ⨯ ./app/globals.css
Error evaluating Node.js code
CssSyntaxError: tailwindcss: /app/app/globals.css:1:1: Cannot apply unknown utility class `bg-background`. Are you using CSS modules or similar and missing `@reference`? https://tailwindcss.com/docs/functions-and-directives#reference-directive
    [at Input.error (turbopack:///[project]/node_modules/postcss/lib/input.js:135:16)]
    [at Root.error (turbopack:///[project]/node_modules/postcss/lib/node.js:146:32)]
    [at Object.Once (/app/node_modules/@tailwindcss/postcss/dist/index.js:10:6912)]
    [at process.processTicksAndRejections (node:internal/process/task_queues:105:5)]
    [at async LazyResult.runAsync (turbopack:///[project]/node_modules/postcss/lib/lazy-result.js:293:11)]
    [at async transform (turbopack:///[turbopack-node]/transforms/postcss.ts:70:34)]
    [at async run (turbopack:///[turbopack-node]/ipc/evaluate.ts:92:23)]

Import trace:
  Client Component Browser:
    ./app/globals.css [Client Component Browser]
    ./app/layout.tsx [Server Component]


 ○ Compiling /_error ...
 GET / 500 in 16.1s (compile: 15.7s, render: 430ms)
